Bill, Gates, male
Hillary, Clinton, female
John, Smith, male
Ben, Johnson, male
Many, Carter, female